18:53:45 **** Incremental Build of configuration Debug for project task_scheduler ****
make -j8 all 
arm-none-eabi-size   task_scheduler.elf 
   text	   data	    bss	    dec	    hex	filename
   4768	    104	   1984	   6856	   1ac8	task_scheduler.elf
Finished building: default.size.stdout
 
18:54:04 **** Incremental Build of configuration Debug for project task_scheduler ****
make -j8 all 
arm-none-eabi-size   task_scheduler.elf 
   text	   data	    bss	    dec	    hex	filename
   4768	    104	   1984	   6856	   1ac8	task_scheduler.elf
Finished building: default.size.stdout
 
18:54:09 **** Incremental Build of configuration Debug for project task_scheduler ****
make -j8 all 
arm-none-eabi-size   task_scheduler.elf 
   text	   data	    bss	    dec	    hex	filename
   4768	    104	   1984	   6856	   1ac8	task_scheduler.elf
Finished building: default.size.stdout
 
09:14:18 **** Incremental Build of configuration Debug for project task_scheduler ****
make -j8 all 
arm-none-eabi-size   task_scheduler.elf 
   text	   data	    bss	    dec	    hex	filename
   4768	    104	   1984	   6856	   1ac8	task_scheduler.elf
Finished building: default.size.stdout
 
09:18:11 **** Incremental Build of configuration Debug for project task_scheduler ****
make -j8 all 
arm-none-eabi-size   task_scheduler.elf 
   text	   data	    bss	    dec	    hex	filename
   4768	    104	   1984	   6856	   1ac8	task_scheduler.elf
Finished building: default.size.stdout
 
10:23:44 **** Incremental Build of configuration Debug for project task_scheduler ****
make -j8 all 
arm-none-eabi-size   task_scheduler.elf 
   text	   data	    bss	    dec	    hex	filename
   4768	    104	   1984	   6856	   1ac8	task_scheduler.elf
Finished building: default.size.stdout
 
