11:02:42 **** Incremental Build of configuration Debug for project task_scheduler ****
make -j8 all 
arm-none-eabi-gcc "../Src/main.c" -mcpu=cortex-m4 -std=gnu11 -g3 -DDEBUG -DSTM32 -DSTM32F407G_DISC1 -DSTM32F4 -DSTM32F407VGTx -c -I../Inc -O0 -ffunction-sections -fdata-sections -Wall -fstack-usage -fcyclomatic-complexity -MMD -MP -MF"Src/main.d" -MT"Src/main.o" --specs=nano.specs -mfpu=fpv4-sp-d16 -mfloat-abi=hard -mthumb -o "Src/main.o"
../Src/main.c:22:4: warning: #warning "FPU is not initialized, but the project is compiling for an FPU. Please initialize the FPU before use." [-Wcpp]
   22 |   #warning "FPU is not initialized, but the project is compiling for an FPU. Please initialize the FPU before use."
      |    ^~~~~~~
arm-none-eabi-g++ -o "task_scheduler.elf" @"objects.list"   -mcpu=cortex-m4 -T"/home/meisam/Documents/embedded-arm-cortex-m3-m4/task_scheduler/STM32F407VGTX_FLASH.ld" --specs=nosys.specs -Wl,-Map="task_scheduler.map" -Wl,--gc-sections -static --specs=nano.specs -mfpu=fpv4-sp-d16 -mfloat-abi=hard -mthumb -Wl,--start-group -lc -lm -lstdc++ -lsupc++ -Wl,--end-group
Finished building target: task_scheduler.elf
 
arm-none-eabi-size   task_scheduler.elf 
arm-none-eabi-objdump -h -S  task_scheduler.elf  > "task_scheduler.list"
   text	   data	    bss	    dec	    hex	filename
    828	      8	   1568	   2404	    964	task_scheduler.elf
Finished building: default.size.stdout
 
Finished building: task_scheduler.list
 

11:02:43 Build Finished. 0 errors, 1 warnings. (took 680ms)

